[   0.000000] Initializing cgroup subsys cust
[    0.000000] Initializing cgroup sbsys cpu
[    0.000000] Initializing cgroupsubsy cuacct
[    0.000000] Linux version4.4.0-45-generic (buildd@lgw01-34) (gcc version 5.4.0 20160609 (Ubuntu 5.4.0-6uunu116.04.2) ) #66-Ubuntu SMP Wed Oct 19 14:12:37 UTC 2016 (Ubuntu 4.4.0-45.66-generic 4.4.21)
[    0.000000] Command line: BOOT_IMAGE=/boot/vmlinuz-4.4.0-45-generic root=UUID=956a14f1-0761-4389-8561-38f92a793147 ro console=tty1 console=ttyS0
[    0.000000] KERNEL supported cpus:
[    0.000000]   Intel GenuineIntel
[    0.000000]  MD AuthenticAMD
[    0.000000]   Centaur CentaurHauls
[    0.000000] x86/fpu: Legacy x87 FPU detected.
[    0.000000] x86/fpu: Using 'lazy' FPU context switches.
[    0.000000 e820: BIOS-provided physical RAM map:
[    0.000000] BIOS-e820: [mem 0x0000000000000000-0x00000000009fbff] usable
[    0.000000] BIOS-e820: [mem 0x000000000009fc00-0x000000000009ffff] reserved
[    0.000000] BIOS-e820: [mem 0x00000000000f0000-0x00000000000ffff] reserved
[    0.000000] BIOS-e820: [mem 0000000000100000-0x000000007ffeffff] usable
[    0.000000] BIOS-e820: [mem 0x000000007fff0000-0x000000007fffffff] ACPI data
[    0.000000] BIOS-e820: [mem 0x00000000fec00000-0x00000000fec00fff] reserved
[    0.000000] BIOS-e820: [mem 0x00000000fee00000-0x00000000fee00fff] reserved
[    0.000000] BIOS-e820: [mem 0x00000000fffc0000-0x00000000ffffff] rseved
[    0.000000] NX (Execute Disable) protection: active
[    0.000000] SMBIOS 2.5 present.
[    0.000000] Hypevior etected: KVM
[    0.000000] AGP: No AGP bridge found
[    0.000000] e820: last_pfn = 0x7fff0 max_arch_pfn = 0x400000000
[    0.000000] MTRR: Disabled
[    0.000000] x86/PAT: MTRRs disabled, skipping PAT initialization too.
[    0.000000] x86/PAT: Configuration [0-7]: WB  WT  UC- UC  WB  WT  UC- UC  
[    0.000000] CPU MTRRs all blank - virtualized system.
[    0.000000] found SMP MP-table at [mem 0x0009fff0-0x0009ffff] mappedd at [ffff88000009fff0]
[    0.000000] Scanning 1 areas for low memory corruption
[    0.000000] RAMDISK: [mem 0x368c0000-0x37457fff]
[    0.000000] ACPI: Early table checksum verification disabled
[    0.000000]ACI: RSDP 0x00000000000E0000 000024 (v0 VOX )
[    0.000000] ACPI: XSDT 0x000000007FFF0030 00003C(v1 BOX   VOXXSDT 00000001 ASL  00000061)
[    0.000000] ACPI: FACP 0x000000007FFF00F0 0000F4 (v04 VBOX   VBOXFACP 0000000ASL  00000061)
[    0.000000] ACPI: DSDT 0x000000007FF0470 00210F (v01 VBOX   VBOXBIOS 00000002 INTL 20100528)
[    0.000000] ACPI: FAS x000000007FFF0200 000040
[    0.000000] ACPI: FACS 0x000000007FFF0200 000040
[    0.000000] ACPI: APIC 0x000000007FFF0240 00005C (v02 VBOX   VBOXAPIC 00000001 ASL  00000061)
[    0.000000] ACPI: SSDT 0x000000007FFF02A0 0001CC (v01 VBOX   VBOXCPUT 00000002 INTL 20100528)
[    0.000000] No NUMA configuration found
[    0.000000] Faking a node at [mem 0x000000000000000-0000000007ffeffff]
[    0.000000] NODE_DATA(0) allocated [mem 0x7ffe00-0x7ffeffff]
[    0.00000] kvm-clock: Using msrs 4b564d01 and 4b564d00
[  0.000000] kvm-clock: cpu 0, msr 0:7ffe00, rimary cpu clock
[    0.000000] kvm-clock: using sched offset of 3895740049 cycle
[   0.000000] clocksource: kvm-cock: mask: 0xffffffffffffffff max_cycle: 0x1cd42e4dffb, max_idle_ns: 881590591483 ns
[    0.000000] Zone ranges:
[    0.000000]   DMA      [mem 0x0000000000001000-0x0000000000ffffff]
[    0.000000]   DMA32    [mem 0x0000000001000000-0x000000007ffeffff]
[    0.000000]   Normal   empty
[    0.000000]   Device   empty
[    0.000000] Movable zone start for each node
[    0.000000] Early memory node ranges
[    0.000000]   node   0: [mem 0x0000000000001000-0x000000000009efff]
[    0.0000]  nod  0: [mem 0x0000000000100000-0x000000007ffeffff]
[    0.000000] Initmem setup node 0 [mem 0x0000000000001000-0x000000007ffeffff]
[    0.000000] ACPI: PM-Timer IO Port: 0x4008
[    0.000000] IOAPIC[0]: apic_id 2, version 32, address 0xfec00000, GSI 0-23
[    0.000000] ACPI: INT_SRC_OVR (bus 0 bus_irq 0 global_irq 2 dfl dfl)
[    0.000000] ACPI: INT_SRCVR(bus 0 bus_irq 9 global_irq 9 high level)
[    0.000000] Using ACPI (MADT) for SMP configuration informion
[    0.00000] smpboot: Allowing 2 CPUs, 0 hotplug CPUs
[    0.000000] PM: Registered nosave memory: [mem 0x00000000-0x00000fff]
[    0.000000] PM: Registered nosave memory: [memx009f000-0x0009ffff]
[    0.000000] PM: Registered nosave memory: [mem 0x000a0000-0x000effff]
[    0.000000] PM: Register nosa memory: [mem 0x000f0000-0x000fffff]
[    0.000000] e820: [mem 0x80000000-0xfebfffff] available for PCI devices
[    0.000000] Booting paravirtualized kernel on KVM
[    0.000000] clocksource: refined-jiffies: mask: 0xffffffff max_cycles: 0xffffffff, max_idle_ns: 7645519600211568 ns
[    0.000000] setup_percpu: NR_CPUS:26 nr_cpuas_bits:256 nr_cpu_ids:2 nr_node_ids:1
[    0.000000] PERCPU: Embedded 33 pages/cpu @ffff88007fc00000 98008 r8192 d28968 u1048576
[    0.000000] PV qspinlok hash table entries: 256 (order: 0, 4096 bytes)
[    0.000000] Built 1 zonelists in Node order, mobility grouping on.  Total pages: 515961
[    0.000000] Policy zone: DMA32
[    0.000000] Kernel command line: BOOT_IMAGE=/boot/vmlinuz-4.4.0-45-generic root=UUID=956a14f1-0761-4389-8561-38f92a793147 ro console=tty1 console=ttyS0
[    0.000000] PID hash table entries: 4096 (order: 3, 32768 bytes)
[    0.000000] AGP: Checking aperture...
[    0.000000] AGP: No AGP bridge found
[    0.000000] Memory: 2032956K/2096696K available (8409K kernel code, 1283K rwdata, 3944K rodata, 1480K init, 1292K bss, 63740K reserved, 0K cma-reserved)
[    0.000000] SLUB: HWalign=64, Order=0-3, MinObjects=0, CPUs=2, Nodes=1
[    0.000000] Hierarchical RCU implemmentation.
[    0.000000] 	Build-time adjtment of leaf fanout to 64.
[    0.000000] 	RCU restricting CPUs from NR_CPUS=256 to nr_cpu_ids=2.
[    0.000000] RCU: Adjusting geometry for rcu_fanout_leaf=64, nr_cpu_ids=2
[    0.000000] NR_IRQS:16640 nr_irqs:440 16
[    0.000000] Console: colour VGA+ 80x25
[    0.000000] console [tty1] enabled
[    0.000000] console [ttyS0] enabled
[  0.000000] tsc: Detected 3006.072 MHz processor
[    0.000000] tsc: Marking TSC unstable due to TSCs unsynchronized
[    0.004000] Calibrating delay loop (skipped) preset value.. 6012.14 BogoMIPS (lpj=12024288)
[    0.004000] pid_max: default: 32768 minimum: 301
[    0.004057] ACPI: Core revision 20150930
[    0.009164] ACPI: 2 ACPI AML tables successfully acquired and loaded
[    0.012030] Security Framework initialized
[    0.014017] Yama: becoming mindful.
[    0.016029] AppArmor: AppArmor initialized
[    0.020914] Dentry cache hash table entries: 262144 (order: 9, 2097152 bytes)
[    0.024952] Inode-cache hash table entries: 131072 (order: 8, 1048576 bytes)
[    0.028434] Mount-cache hash table entries: 4096 (order: 3, 32768 bytes)
[    0.032013] Mountpoint-cache hash table entries: 4096 (order: 3, 32768 bytes)
[    0.037172] Initializing cgroup subsys io
[    0.040015] Initializing cgroup subsys memory
[    0.044018] Initializing cgroup subsys devices
[    0.048011] Initializing cgroup subsys freezer
[    0.052024] Initializing cgroup subsys net_cls
[    0.053443] Initializing cgroup subsys perf_event
[    0.056013] Initializing cgroup subsys net_prio
[    0.057091] Initializing cgroup subsys hugetlb
[    0.060012] Initializing cgroup subsys pids
[    0.061354] CPU: Physical Processor ID: 0
[    0.064006] CPU: Processor Core ID: 0
[    0.067048] mce: CPU supports 0 MCE banks
[    0.068025] process: using AMD E400 aware idle routine
[    0.069209] Last level iTLB entries: 4KB 512, 2MB 16, 4MB 8
[    0.072012] Last level dTLB enties: 4KB 512, 2MB 128, 4MB 64, 1GB 0

[    0.080139] Freeing SMP alternatives memory: 32K (ffffffff820b4000 - ffffffff820bc000)
[    0.088000] ftrace: allocating 32007 entries in 126 pages
[    0.100127] smpboot: Max logical packages: 1
[    0.103580] smpboot: APIC(0) Converting physical 0 to logical package 0
[    0.104348] x2apic enabled
[    0.108008] Switched APIC routing to physical x2apic.
[    0.113358] ..TIMER: vector=0x30 apic1=0 pin1=2 apic2=-1 pin2=-1
[    0.120000] APIC calibration not consistent with PM-Timer: 132ms instead of 100ms
[    0.120000] APIC delta adjusted to PM-Timer: 6433200 (8500231)
[    0.120139] smpboot: CPU0: AMD Phenom(tm) II X2 545 Processor (family: 0x10, model: 0x4, stepping: 0x2)
[    0.128733] Performance Events: Broken PMU hardware detected, using software events only.
[    0.136006] Failed to access perfctr msr (MSR c0010007 is 0)
[    0.140053] KVM setup paravirtual spinlock
[    0.144767] x86: Booting SMP configuration:
[    0.146150] .... node  #0, CPUs:      #1
[    0.004000] kvm-clock: cpu 1, msr 0:7ffe7041, secondary cpu clock
[    0.004000] mce: CPU supports 0 MCE banks
[    0.164061] x86: Booted up 1 node, 2 CPUs
[    0.165598] smpboot: Total of 2 processors activated (12024.28 BogoMIPS)
[    0.168372] devtmpfs: initialized
[    0.174128] evm: security.selinux
[    0.176005] evm: security.SMACK64
[    0.180007] evm: security.SMACK64EXEC
[    0.184005] evm: security.SMACK64TRANSMUTE
[    0.188004] evm: security.SMACK64MMAP
[    0.192005] evm: security.ima
[    0.196003] evm: security.capability
[    0.197537] clocksource: jiffies: mask: 0xffffffff max_cycles: 0xffffffff, max_idle_ns: 7645041785100000 ns
[    0.200099] pinctrl core: initialized pinctrl subsystem
[    0.204172] RTC time:  2:43:37, date: 11/01/16
[    0.208226] NET: Registered protocol family 16
[    0.224014] cpuidle: using governor ladder
[    0.236014] cpuidle: using governor menu
[    0.238425] PCCT header not found.
[    0.240332] ACPI: bus type PCI registered
[    0.242645] acpiphp: ACPI Hot Plug PCI Controller Driver version: 0.5
[    0.244145] PCI: Using configuration type 1 for base access
[    0.248007] PCI: Using configuration type 1 for extended access
[    0.264346] ACPI: Added _OSI(Module Device)
[    0.280017] ACPI: Added _OSI(Processor Device)
[    0.282641] ACPI: Added _OSI(3.0 _SCP Extensions)
[    0.284007] ACPI: Added _OSI(Processor Aggregator Device)
[    0.288797] ACPI: Executed 1 blocks of module-level executable AML code
[    0.304111] ACPI: Interpreter enabled
[    0.312014] ACPI Exception: AE_NOT_FOUND, While evaluating Sleep State [\_S1_] (20150930/hwxface-580)
[    0.319113] ACPI Exception: AE_NOT_FOUND, While evaluating Sleep State [\_S2_] (20150930/hwxface-580)
[    0.352014] ACPI Exception: AE_NOT_FOUND, While evaluating Sleep State [\_S3_] (20150930/hwxface-580)
[    0.364012] ACPI Exception: AE_NOT_FOUND, While evaluating Sleep State [\_S4_] (20150930/hwxface-580)
[    0.365890] ACPI: (supports S0 S5)
[    0.368007] ACPI: Using IOAPIC for interrupt routing
[    0.372212] PCI: Using host bridge windows from ACPI; if necessary, use "pci=nocrs" and report a bug
[    0.393681] ACPI: PCI Root Bridge [PCI0] (domain 0000 [bus 00-ff])
[    0.400013] acpi PNP0A03:00: _OSC: OS supports [ExtendedConfig ASPM ClockPM Segments MSI]
[    0.408022] acpi PNP0A03:00: _OSC failed (AE_NOT_FOUND); disabling ASPM
[    0.416640] PCI host bridge to bus 0000:00
[    0.424011] pci_bus 0000:00: root bus resource [io  0x0000-0x0cf7 window]
[    0.428010] pci_bus 0000:00: root bus resource [io  0x0d00-0xffff window]
[    0.432009] pci_bus 0000:00: root bus resource [mem 0x000a0000-0x000bffff window]
[    0.452022] pci_bus 0000:00: root bus resource [mem 0x80000000-0xffdfffff window]
[    0.476014] pci_bus 0000:00: root bus resource [bus 00-ff]
[    0.490293] pci 0000:00:01.1: legacy IDE quirk: reg 0x10: [io  0x01f0-0x01f7]
[    0.508009] pci 0000:00:01.1: legacy IDE quirk: reg 0x14: [io  0x03f6]
[    0.508009] pci 0000:00:01.1: legacy IDE quirk: reg 0x18: [io  0x0170-0x0177]
[    0.516013] pci 0000:00:01.1: legacy IDE quirk: reg 0x1c: [io  0x0376]
[    0.578015] pci 0000:00:07.0: quirk: [io  0x4000-0x403f] claimed by PIIX4 ACPI
[    0.588025] pci 0000:00:07.0: quirk: [io  0x4100-0x410f] claimed by PIIX4 SMB
[    0.625358] ACPI: PCI Interrupt Link [LNKA] (IRQs 5 9 10 *11)
[    0.640251] ACPI: PCI Interrupt Link [LNKB] (IRQs 5 9 10 *11)
[    0.640251] ACPI: PCI Interrupt Link [LNKC] (IRQs 5 9 *10 11)
[    0.660810] ACPI: PCI Interrupt Link [LNKD] (IRQs 5 *9 10 11)
[    0.668163] ACPI: Enabled 2 GPEs in block 00 to 07
[    0.680442] vgaarb: setting as boot device: PCI:0000:00:02.0
[    0.684000] vgaarb: device added: PCI:0000:00:02.0,decodes=io+mem,owns=io+mem,locks=none
[    0.704010] vgaarb: loaded
[    0.712006] vgaarb: bridge control possible 0000:00:02.0
[    0.720474] SCSI subsystem initialized
[    0.732080] ACPI: bus type USB registered
[    0.736040] usbcore: registered new interface driver usbfs
[    0.748018] usbcore: registered new interface driver hub
[    0.756050] usbcore: registered new device driver usb
[    0.764046] PCI: Using ACPI for IRQ routing
[    0.772584] NetLabel: Initializing
[    0.784006] NetLabel:  domain hash size = 128
[    0.786300] NetLabel:  protocols = UNLABELED CIPSOv4
[    0.792031] NetLabel:  unlabeled traffic allowed by default
[    0.796141] amd_nb: Cannot enumerate AMD northbridges
[    0.808127] clocksource: Switched to clocksource kvm-clock
[    0.821750] AppArmor: AppArmor Filesystem Enabled
[    0.835237] pnp: PnP ACPI init
[    0.837847] pnp: PnP ACPI: found 3 devices
[    0.865827] clocksource: acpi_pm: mask: 0xffffff max_cycles: 0xffffff, max_idle_ns: 2085701024 ns
[    0.871886] NET: Registered protocol family 2
[    0.877791] TCP established hash table entries: 16384 (order: 5, 131072 bytes)
[    0.885675] TCP bind hash table entries: 16384 (order: 6, 262144 bytes)
[    0.887181] TCP: Hash tables configured (established 16384 bind 16384)
[    0.899043] UDP hash table entries: 1024 (order: 3, 32768 bytes)
[    0.907798] UDP-Lite hash table entries: 1024 (order: 3, 32768 bytes)
[    0.909980] NET: Registered protocol family 1
[    0.913078] pci 0000:00:00.0: Limiting direct PCI/PCI transfers
[    0.914666] pci 0000:00:01.0: Activating ISA DMA hang workarounds
[    0.916257] Trying to unpack rootfs image as initramfs...
[    1.186603] Freeing initrd memory: 11872K (ffff8800368c0000 - ffff880037458000)
[    1.199611] clocksource: tsc: mask: 0xffffffffffffffff max_cycles: 0x2b54adb9085, max_idle_ns: 440795360421 ns
[    1.200309] platform rtc_cmos: registered platform RTC device (no PNP device found)
[    1.200340] Scanning for low memory corruption every 60 seconds
[    1.200631] futex hash table entries: 512 (order: 3, 32768 bytes)
[    1.200661] audit: initializing netlink subsys (disabled)
[    1.200681] audit: type=2000 audit(1477968221.675:1): initialized
[    1.200936] Initialise system trusted keyring
[    1.201107] HugeTLB registered 2 MB page size, pre-allocated 0 pages
[    1.202678] zbud: loaded
[    1.202880] VFS: Disk quotas dquot_6.6.0
[    1.202957] VFS: Dquot-cache hash table entries: 512 (order 0, 4096 bytes)
[    1.203214] squashfs: version 4.0 (2009/01/31) Phillip Lougher
[    1.203445] fuse init (API version 7.23)
[    1.203572] Key type big_key registered
[    1.203594] Allocating IMA MOK and blacklist keyrings.
[    1.203840] Key type asymmetric registered
[    1.203842] Asymmetric key parser 'x509' registered
[    1.203920] Block layer SCSI generic (bsg) driver version 0.4 loaded (major 249)
[    1.203947] io scheduler noop registered
[    1.203949] io scheduler deadline registered (default)
[    1.203980] io scheduler cfq registered
[    1.204070] pci_hotplug: PCI Hot Plug PCI Core version: 0.5
[    1.204076] pciehp: PCI Express Hot Plug Controller Driver version: 0.4
[    1.204340] ACPI: AC Adapter [AC] (on-line)
[    1.204408] input: Power Button as /devices/LNXSYSTM:00/LNXPWRBN:00/input/input0
[    1.204411] ACPI: Power Button [PWRF]
[    1.204485] input: Sleep Button as /devices/LNXSYSTM:00/LNXSLPBN:00/input/input1
[    1.204486] ACPI: Sleep Button [SLPF]
[    1.204646] GHES: HEST is not enabled!
[    1.204741] Serial: 8250/16550 driver, 32 ports, IRQ sharing enabled
[    1.231306] 00:02: ttyS0 at I/O 0x3f8 (irq = 4, base_baud = 115200) is a 16550A
[    1.238203] Linux agpgart interface v0.103
[    1.253007] brd: module loaded
[    1.254194] loop: module loaded
[    1.254965] scsi host0: ata_piix
[    1.255041] scsi host1: ata_piix
[    1.255078] ata1: PATA max UDMA/33 cmd 0x1f0 ctl 0x3f6 bmdma 0xd000 irq 14
[    1.255079] ata2: PATA max UDMA/33 cmd 0x170 ctl 0x376 bmdma 0xd008 irq 15
[    1.255170] libphy: Fixed MDIO Bus: probed
[    1.255172] tun: Universal TUN/TAP device driver, 1.6
[    1.255172] tun: (C) 1999-2004 Max Krasnyansky <maxk@qualcomm.com>
[    1.255541] PPP generic driver version 2.4.2
[    1.255601] ehci_hcd: USB 2.0 'Enhanced' Host Controller (EHCI) Driver
[    1.255605] ehci-pci: EHCI PCI platform driver
[    1.255614] ehci-platform: EHCI generic platform driver
[    1.256318] ohci_hcd: USB 1.1 'Open' Host Controller (OHCI) Driver
[    1.256329] ohci-pci: OHCI PCI platform driver
[    1.256351] ohci-platform: OHCI generic platform driver
[    1.256361] uhci_hcd: USB Universal Host Controller Interface driver
[    1.256441] i8042: PNP: PS/2 Controller [PNP0303:PS2K,PNP0f03:PS2M] at 0x60,0x64 irq 1,12
[    1.257053] serio: i8042 KBD port at 0x60,0x64 irq 1
[    1.257059] serio: i8042 AUX port at 0x60,0x64 irq 12
[    1.257195] mousedev: PS/2 mouse device common for all mice
[    1.258218] input: AT Translated Set 2 keyboard as /devices/platform/i8042/serio0/input/input2
[    1.258992] rtc_cmos rtc_cmos: rtc core: registered rtc_cmos as rtc0
[    1.259069] rtc_cmos rtc_cmos: alarms up to one day, 114 bytes nvram
[    1.259078] i2c /dev entries driver
[    1.259138] device-mapper: uevent: version 1.0.3
[    1.259196] device-mapper: ioctl: 4.34.0-ioctl (2015-10-28) initialised: dm-devel@redhat.com
[    1.259216] ledtrig-cpu: registered to indicate activity on CPUs
[    1.259945] NET: Registered protocol family 10
[    1.260101] NET: Registered protocol family 17
[    1.260111] Key type dns_resolver registered
[    1.260271] microcode: CPU0: patch_level=0x01000086
[    1.259259] microcode: CPU1: patch_level=0x01000086
[    1.268295] microcode: Microcode Update Driver: v2.01 <tigran@aivazian.fsnet.co.uk>, Peter Oruba
[    1.268442] registered taskstats version 1
[    1.268455] Loading compiled-in X.509 certificates
[    1.269437] Loaded X.509 cert 'Build time autogenerated kernel key: 5295ae568fdd4deae5e4e5c175542790e6aaeab9'
[    1.269459] zswap: loaded using pool lzo/zbud
[    1.271271] Key type trusted registered
[    1.274110] Key type encrypted registered
[    1.274114] AppArmor: AppArmor sha1 policy hashing enabled
[    1.274117] ima: No TPM chip found, activating TPM-bypass!
[    1.274139] evm: HMAC attrs: 0x1
[    1.275002]   Magic number: 8:996:711
[    1.281813] rtc_cmos rtc_cmos: setting system clock to 2016-11-01 02:43:38 UTC (1477968218)
[    1.281927] BIOS EDD facility v0.16 2004-Jun-25, 0 devices found
[    1.281927] EDD information not available.
[    1.644327] Freeing unused kernel memory: 1480K (ffffffff81f42000 - ffffffff820b4000)
[    1.648550] Write protecting the kernel read-only data: 14336k
[    1.656094] Freeing unused kernel memory: 1820K (ffff880001839000 - ffff880001a00000)
[    1.676663] Freeing unused kernel memory: 152K (ffff880001dda000 - ffff880001e00000)
Loading, please wait...
starting version[    1.723918] random: systemd-udevd: uninitialized urandom read (16 bytes read, 2 bits of entropy available)
 229
[    1.724346] random: udevadm: uninitialized urandom read (16 bytes read, 2 bits of entropy available)
[    1.724479] random: udevadm: uninitialized urandom read (16 bytes read, 2 bits of entropy available)
[    1.724782] random: udevadm: uninitialized urandom read (16 bytes read, 2 bits of entropy available)
[    1.724896] random: udevadm: uninitialized urandom read (16 bytes read, 2 bits of entropy available)
[    1.724952] random: udevadm: uninitialized urandom read (16 bytes read, 2 bits of entropy available)
[    1.725001] random: udevadm: uninitialized urandom read (16 bytes read, 2 bits of entropy available)
[    1.725049] random: udevadm: uninitialized urandom read (16 bytes read, 2 bits of entropy available)
[    1.725098] random: udevadm: uninitialized urandom read (16 bytes read, 2 bits of entropy available)
[    1.725144] random: udevadm: uninitialized urandom read (16 bytes read, 2 bits of entropy available)
[    1.857672] e1000: Intel(R) PRO/1000 Network Driver - version 7.3.21-k8-NAPI
[    1.863804] e1000: Copyright (c) 1999-2006 Intel Corporation.
[    1.871280] Fusion MPT base driver 3.04.20
[    1.872716] Copyright (c) 1999-2008 LSI Corporation
[    1.881717] Fusion MPT SPI Host driver 3.04.20
[    2.081754] input: ImExPS/2 Generic Explorer Mouse as /devices/platform/i8042/serio1/input/input4
[    2.354788] e1000 0000:00:03.0 eth0: (PCI:33MHz:32-bit) 02:3b:10:fe:82:8d
[    2.363321] e1000 0000:00:03.0 eth0: Intel(R) PRO/1000 Network Connection
[    2.376658] mptbase: ioc0: Initiating bringup
[    2.377339] e1000 0000:00:03.0 enp0s3: renamed from eth0
[    2.714464] ioc0: LSI53C1030 A0: Capabilities={Initiator}
[    4.372752] scsi host2: ioc0: LSI53C1030 A0, FwRev=00000000h, Ports=1, MaxQ=256, IRQ=20
[    4.756090] scsi 2:0:0:0: Direct-Access     VBOX     HARDDISK         1.0  PQ: 0 ANSI: 5
[    4.765815] scsi target2:0:0: Beginning Domain Validation
[    4.770565] scsi target2:0:0: Domain Validation skipping write tests
[    4.774734] scsi target2:0:0: Ending Domain Validation
[    4.776668] scsi target2:0:0: asynchronous
[    4.785322] scsi 2:0:1:0: Direct-Access     VBOX     HARDDISK         1.0  PQ: 0 ANSI: 5
[    4.791784] scsi target2:0:1: Beginning Domain Validation
[    4.795450] scsi target2:0:1: Domain Validation skipping write tests
[    4.799424] scsi target2:0:1: Ending Domain Validation
[    4.807095] scsi target2:0:1: asynchronous
[    4.823055] sd 2:0:0:0: Attached scsi generic sg0 type 0
[    4.828969] sd 2:0:0:0: [sda] 20971520 512-byte logical blocks: (10.7 GB/10.0 GiB)
[    4.829216] sd 2:0:1:0: Attached scsi generic sg1 type 0
[    4.830789] sd 2:0:1:0: [sdb] 20480 512-byte logical blocks: (10.5 MB/10.0 MiB)
[    4.831427] sd 2:0:1:0: [sdb] Write Protect is off
[    4.831525] sd 2:0:1:0: [sdb] Incomplete mode parameter data
[    4.831527] sd 2:0:1:0: [sdb] Assuming drive cache: write through
[    4.845552] sd 2:0:1:0: [sdb] Attached SCSI disk
[    4.871123] sd 2:0:0:0: [sda] Write Protect is off
[    4.873959] sd 2:0:0:0: [sda] Incomplete mode parameter data
[    4.882554] sd 2:0:0:0: [sda] Assuming drive cache: write through
[    4.887329]  sda: sda1
[    4.893947] sd 2:0:0:0: [sda] Attached SCSI disk
[    4.905880] floppy0: no floppy controllers found
Begin: Loading essential drivers[    6.520482] md: linear personality registered for level -1
 ... [    6.541807] md: multipath personality registered for level -4
[    6.569223] md: raid0 personality registered for level 0
[    6.584260] md: raid1 personality registered for level 1
[    6.660236] raid6: sse2x1   gen()  2079 MB/s
[    6.728177] raid6: sse2x1   xor()  1508 MB/s
[    6.800551] raid6: sse2x2   gen()  3051 MB/s
[    6.876677] raid6: sse2x2   xor()  2718 MB/s
[    6.952741] raid6: sse2x4   gen()  3305 MB/s
[    7.020096] raid6: sse2x4   xor()  1533 MB/s
[    7.031600] raid6: using algorithm sse2x4 gen() 3305 MB/s
[    7.032971] raid6: .... xor() 1533 MB/s, rmw enabled
[    7.034123] raid6: using intx1 recovery algorithm
[    7.041363] xor: measuring software checksum speed
[    7.089398]    prefetch64-sse: 12822.000 MB/sec
[    7.136402]    generic_sse: 10773.000 MB/sec
[    7.137653] xor: using function: prefetch64-sse (12822.000 MB/sec)
[    7.144351] async_tx: api initialized (async)
[    7.160202] md: raid6 personality registered for level 6
[    7.161876] md: raid5 personality registered for level 5
[    7.164826] md: raid4 personality registered for level 4
[    7.180964] md: raid10 personality registered for level 10
done.
Begin: Running /scripts/init-premount ... done.
Begin: Mounting root file system ... Begin: Running /scripts/local-top ... done.
Begin: Running /scripts/local-premount ... [    7.230062] Btrfs loaded
Scanning for Btrfs filesystems
done.
Warning: fsck not present, so skipping root file system
[    7.337209] EXT4-fs (sda1): mounted filesystem with ordered data mode. Opts: (null)
done.
Begin: Running /scripts/local-bottom ... done.
Begin: Running /scripts/init-bottom ... Warning: overlayroot: debug is busted
done.
[    8.115667] systemd[1]: systemd 229 running in system mode. (+PAM +AUDIT +SELINUX +IMA +APPARMOR +SMACK +SYSVINIT +UTMP +LIBCRYPTSETUP +GCRYPT +GNUTLS +ACL +XZ -LZ4 +SECCOMP +BLKID +ELFUTILS +KMOD -IDN)
[    8.136166] systemd[1]: Detected virtualization oracle.
[    8.138203] systemd[1]: Detected architecture x86-64.

Welcome to [1mUbuntu 16.04.1 LTS[0m!

[    8.192010] systemd[1]: Set hostname to <ubuntu-xenial>.
[    8.895113] random: nonblocking pool is initialized
[  9.385433] systemd[1]: Started Forward Password Requests to Wall Directory Watch.
[[0;32m  OK  [0m] Started Forward Password Requests to Wall Directory Watch.
[    9.388372] systemd[1]: Listening on Journal Audit Socket.
[[0;32m  OK  [0m] Listening on Journal Audit Socket.
[    9.388372] systemd[1]: Listening on udev Control Socket.
[[0;32m  OK  [0m] Listening on udev Control Socket.
[    9.669789] systemd[1]: Created slice System Slice.
[[0;32m  OK  [0m] Created slice System Slice.
[    9.684449] systemd[1]: Listening on Syslog Socket.
[[0;32m  OK  [0m] Listening on Syslog Socket.
[    9.689702] systemd[1]: Reached target Swap.
[[0;32m  OK  [0m] Reached target Swap.
[    9.709132] systemd[1]: Created slice system-serial\x2dgetty.slice.
[[0;32m  OK  [0m] Created slice system-serial\x2dgetty.slice.
[    9.754147] systemd[1]: Created slice system-postgresql.slice.
[[0;32m  OK  [0m] Created slice system-postgresql.slice.
[    9.764577] systemd[1]: Reached target User and Group Name Lookps.

[[0;32m  OK  [0m] Reached target User and Group Name Lookups.
[    9.802068] systemd[1]: Listening on LVM2 poll daemon socket.
[[0;32m  OK  [0m] Listening on LVM2 poll daemon socket.
[    9.819686] systemd[1]: Set up automount Arbitrary Executable File Formats File System Automount Point.
[[0;32m  OK  [0m] Set up automount Arbitrary Executab...ats File System Automount Point.
[    9.829997] systemd[1]: Listening on LVM2 metadata daemon socket.
[[0;32m  OK  [0m] Listening on LVM2 metadata daemon socket.
[    9.842572] systemd[1]: Listening on /dev/initctl Compatibility Named Pipe.
[[0;32m  OK  [0m] Listening on /dev/initctl Compatibility Named Pipe.
[    9.849707] systemd[1]: Listening on Device-mapper event daemon FIFOs.
[[0;32m  OK  [0m] Listening on Device-mapper event daemon FIFOs.
[    9.856657] systemd[1]: Listening on Journal Socket (/dev/log).
[[0;32m  OK  [0m] Listening on Journal Socket (/dev/log).
[    9.863398] systemd[1]: Listening on udev Kernel Socket.
[[0;32m  OK  [0m] Listening on udev Kernel Socket.
[   .818] ystemd[1]: Created slice User and Session Slice.
[[0;32m  OK  [0m] Created slice User and Session Slice.
[   10.648237] systemd[1]: Reached target Slices.
[[0;32m  OK  [0m] Reached target Slices.
[   10.930200] systemd[1]: Listening on Journal Socket.
[[0;32m  OK  [0m] Listening on Journal Socket.
[   10.981116] systemd[1]: Starting Monitoring of LVM2 mirrors, snapshots etc. using dmeventd or progress polling...
         Starting Monitoring of LVM2 mirrors... dmeventd or progress polling...
[   11.018601] systemd[1]: Starting Journal Service...
         Starting Journal Service...
[   11.053319] systemd[1]: Starting Uncomplicated firewall...
         Starting Uncomplicated firewall...
[   11.081474] systemd[1]: Mounting Huge Pages File System...
         Mounting Huge Pages File System...
[   11.086164] systemd[1]: Mounting Debug File System...
         Mounting Debug File System...
[   11.216481] systemd[1]: Starting Load Kernel Modules...
         Starting Load Kernel Modules...
[   11.229616] systemd[1]: Starting Set console keymap...
         Starting Set console keymap...
[   11.259480] systemd[1]: Starting Create list of required static device nodes for the current kernel...
         Starting Create list of required st... nodes for the current kernel...
[   11.280913] systemd[1]: Mounting POSIX Message Queue File System...
         Mounting POSIX Message Queue File System...
[   11.285377] systemd[1]: Starting Nameserver information manager...
         Starting Nameserver information manager...
[   11.341016] systemd[1]: Starting Remount Root and Kernel File Systems...
         Starting Remount Root and Kernel File Systems...
[   11.351659] systemd[1]: Reached target Encrypted Volumes.
[[0;32m  OK  [0m] Reached target Encrypted Volumes.
[   11.373102] systemd[1]: Started Uncomplicated firewall.
[[0;32m  OK  [0m] Started Uncomplicated firewall.
[   11.392208] systemd[1]: Started Create list of required static device nodes for the current kernel.
[[0;32m  OK  [0m] Started Create list of required sta...ce nodes for the current kernel.
[   11.434272] Loading iSCSI transport class v2.0-870.
[   11.457892] EXT4-fs (sda1): re-mounted. Opts: (null)
[   11.461438] systemd[1]: Mounted Debug File System.
[[0;32m  OK  [0m] Mounted Debug File System.
[   11.516357] systemd[1]: Mounted Huge Pages File System.
[[0;32m  OK  [0m] Mounted Huge Pages File System.
[   11.533677] systemd[1]: Mounted POSIX Message Queue File System.
[[0;32m  OK  [0m] Mounted POSIX Message Queue File System.
[   11.554839] iscsi: registered transport (tcp)
[   11.562509] systemd[1]: Started Journal Service.
[[0;32m  OK  [0m] Started Journal Service.
[[0;32m  OK  [0m] Started Remount Root and Kernel File Systems.
[[0;32m  OK  [0m] Started Nameserver information manager.
[[0;32m  OK  [0m] Started Set console keymap.
[   11.709526] iscsi: registered transport (iser)
[[0;32m  OK  [0m] Started Load Kernel Modules.
         Starting Apply Kernel Variables...
         Mounting FUSE Control File System...
[[0;32m  OK  [0m] Started LVM2 metadata daemon.
         Starting udev Coldplug all Devices...
         Starting Load/Save Random Seed...
         Starting Flush Journal to Persistent Storage...
         Starting Create Static Device Nodes in /dev...
[[0;32m  OK  [0m] Mounted FUSE Control File System.
[[0;32m  OK  [0m] Started Apply Kernel Variables.
[[0;32m  OK  [0m] Started Monitoring of LVM2 mirrors,...ng dmeventd or progress polling.
[[0;32m  OK  [0m] Started Load/Save Random Seed.
[[0;32m  OK  [0m] Started Create Static Device Nodes in /dev.
[[0;32m  OK  [0m] Started udev Coldplug all Devices.
         Starting udev Kernel Device Manager...
[[0;32m  OK  [0m] Started Flush Journal to Persistent Storage.
[[0;32m  OK  [0m] Started udev Kernel Device Manager.
[[0;32m  OK  [0m] Reached target Local File Systems (Pre).
[[0;32m  OK  [0m] Reached target Local File Systems.
         Starting Initial cloud-init job (pre-networking)...
         Starting Create Volatile Files and Directories...
         Starting Run snappy firstboot setup...
         Starting Set console font and keymap...
         Starting Tell Plymouth To Write Out Runtime Data...
         Starting LSB: AppArmor initialization...
[[0;32m  OK  [0m] Started Dispatch Password Requests to Console Directory Watch.
[[0;32m  OK  [0m] Found device /dev/ttyS0.
[[0;32m  OK  [0m] Listening on Load/Save RF Kill Switch Status /dev/rfkill Watch.
[[0;32m  OK  [0m] Started Create Volatile Files and Directories.
[[0;32m  OK  [0m] Started Tell Plymouth To Write Out Runtime Data.
[[0;32m  OK  [0m] Reached target System Time Synchronized.
         Starting Update UTMP about System Boot/Shutdown...
[[0;32m  OK  [0m] Found device 82540EM Gigabit Ethern...r (PRO/1000 MT Desktop Adapter).
[[0;32m  OK  [0m] Started Update UTMP about System Boot/Shutdown.
[[0;32m  OK  [0m] Started Set console font and keymap.
[[0;32m  OK  [0m] Created slice system-getty.slice.
[[0;32m  OK  [0m] Started Run snappy firstboot setup.
[[0;1;31mFAILED[0m] Failed to start LSB: AppArmor initialization.
See 'systemctl status apparmor.service' for details.
[[0;32m  OK  [0m] Reached target System Initialization.
[[0;32m  OK  [0m] Listening on D-Bus System Message Bus Socket.
         Starting LXD - unix socket.
[[0;32m  OK  [0m] Started Daily apt activities.
[[0;32m  OK  [0m] Listening on ACPID Listen Socket.
[[0;32m  OK  [0m] Started Daily Cleanup of Temporary Directories.
         Starting Socket activation for snappy daemon.
[[0;32m  OK  [0m] Started ACPI Events Check.
[[0;32m  OK  [0m] Started Timer to automatically refresh installed snaps.
[[0;32m  OK  [0m] Reached target Timers.
[[0;32m  OK  [0m] Started Trigger resolvconf update for networkd DNS.
[[0;32m  OK  [0m] Reached target Paths.
[[0;32m  OK  [0m] Listening on UUID daemon activation socket.
[[0;32m  OK  [0m] Listening on LXD - unix socket.
[[0;32m  OK  [0m] Listening on Socket activation for snappy daemon.
[[0;32m  OK  [0m] Reached target Sockets.
[[0;32m  OK  [0m] Reached target Basic System.
         Starting System Logging Service...
[[0;32m  OK  [0m] Started Snappy daemon.
[[0;32m  OK  [0m] Started Deferred execution scheduler.
[[0;32m  OK  [0m] Started Regular background program processing daemon.
[[0;32m  OK  [0m] Started D-Bus System Message Bus.
         Starting LXD - container startup/shutdown...
[[0;32m  OK  [0m] Started ACPI event daemon.
         Starting vboxadd.service...
         Starting Login Service...
         Starting LSB: Record successful boot for GRUB...
         Starting LSB: MD monitoring daemon...
[[0;32m  OK  [0m] Started FUSE filesystem for LXC.
         Starting Accounts Service...
         Starting vboxadd-x11.service...
         Starting PostgreSQL Cluster 9.5-main...
[[0;32m  OK  [0m] Started System Logging Service.
[[0;32m  OK  [0m] Started vboxadd-x11.service.
[[0;32m  OK  [0m] Started Login Service.
[[0;32m  OK  [0m] Started LSB: Record successful boot for GRUB.
[[0;32m  OK  [0m] Started LSB: MD monitoring daemon.
[[0;32m  OK  [0m] Started vboxadd.service.
         Starting vboxadd-service.service...
         Starting Authenticate and Authorize Users to Run Privileged Tasks...
[[0;32m  OK  [0m] Started Authenticate and Authorize Users to Run Privileged Tasks.
[[0;32m  OK  [0m] Started Accounts Service.
[[0;32m  OK  [0m] Started vboxadd-service.service.
[[0;32m  OK  [0m] Started LXD - container startup/shutdown.
[   22.205379] cloud-init[508]: Cloud-init v. 0.7.8 running 'init-local' at Tue, 01 Nov 2016 02:43:58 +0000. Up 20.86 seconds.
[[0;32m  OK  [0m] Started Initial cloud-init job (pre-networking).
[[0;32m  OK  [0m] Reached target Network (Pre).
[[0;32m  OK  [0m] Started ifup for enp0s3.
         Starting Raise network interfaces...
[[0;32m  OK  [0m] Started Raise network interfaces.
[[0;32m  OK  [0m] Reached target Network.
         Starting MySQL Community Server...
         Starting Initial cloud-init job (metadata service crawler)...
[[0;32m  OK  [0m] Started PostgreSQL Cluster 9.5-main.
         Starting PostgreSQL RDBMS...
[[0;32m  OK  [0m] Started PostgreSQL RDBMS.
[   25.390635] cloud-init[1169]: Cloud-init v. 0.7.8 running 'init' at Tue, 01 Nov 2016 02:44:00 +0000. Up 23.33 seconds.
[   25.397996] cloud-init[1169]: ci-info: +++++++++++++++++++++++++++++++++++++Net device info++++++++++++++++++++++++++++++++++++++
[   25.406450] cloud-init[1169]: ci-info: +--------+------+----------------------------+---------------+-------+-------------------+
[   25.425720] cloud-init[1169]: ci-info: | Device |  Up  |          Address           |      Mask     | Scope |     Hw-Address    |
[   25.460686] cloud-init[1169]: ci-info: +--------+------+----------------------------+---------------+-------+-------------------+
[   25.719921] cloud-init[1169]: ci-info: |   lo   | True |         127.0.0.1          |   255.0.0.0   |   .   |         .         |
[   25.730511] cloud-init[1169]: ci-info: |   lo   | True |          ::1/128           |       .       |  host |         .         |
[   25.731192] cloud-init[1169]: ci-info: | enp0s3 | True |         10.0.2.15          | 255.255.255.0 |   .   | 02:3b:10:fe:82:8d |
[[0;32m  OK  [0m] Started Initial cloud-init job (metadata service crawler).
[   25.748152] cloud-init[1169]: ci-info: | enp0s3 | True | fe80::3b:10ff:fefe:828d/64 |       .       |  link | 02:3b:10:fe:82:8d |
[   25.774552] cloud-init[1169]: ci-info: +--------+------+----------------------------+---------------+-------+-------------------+
[   25.782457] cloud-init[1169]: ci-info: +++++++++++++++++++++++++++Route IPv4 info++++++++++++++++++++++++++++
[   25.785920] cloud-init[1169]: ci-info: +-------+-------------+----------+---------------+-----------+-------+
[   25.789216] cloud-init[1169]: ci-info: | Route | Destination | Gateway  |    Genmask    | Interface | Flags |
[   25.803565] cloud-init[1169]: ci-info: +-------+-------------+----------+---------------+-----------+-------+
[   25.860888] [[0;32m  OK  [0m] Reached target Network is Online.
cloud-init[1169]: ci-info: |   0   |   0.0.0.0   | 10.0.2.2 |    0.0.0.0    |   enp0s3  |   UG  |
[   25.870490] cloud-init[1169]: ci-info: |   1   |   10.0.2.0  | 0.0.0.0  | 255.255.255.0 |   enp0s3  |   U   |
[   25.874862] cloud-init[1169]: ci-info: +-------+-------------+----------+---------------+-----------+-------+
         Starting /etc/rc.local Compatibility...
         Starting iSCSI initiator daemon (iscsid)...
         Starting OpenBSD Secure Shell server...
[[0;32m  OK  [0m] Reached target Cloud-config availability.
         Starting Apply the settings specified in cloud-config...
[[0;32m  OK  [0m] Started /etc/rc.local Compatibility.
[[0;32m  OK  [0m] Started iSCSI initiator daemon (iscsid).
[[0;32m  OK  [0m] Started OpenBSD Secure Shell server.
         Starting Login to default iSCSI targets...
[[0;32m  OK  [0m] Started Login to default iSCSI targets.
[[0;32m  OK  [0m] Reached target Remote File Systems (Pre).
[[0;32m  OK  [0m] Reached target Remote File Systems.
         Starting LSB: Set the CPU Frequency Scaling governor to "ondemand"...
         Starting Permit User Sessions...
         Starting LSB: Start/stop sysstat's sadc...
         Starting LSB: daemon to balance interrupts for SMP systems...
         Starting LSB: automatic crash report generation...
[[0;32m  OK  [0m] Started Permit User Sessions.
         Starting Hold until boot process finishes up...
         Starting Terminate Plymouth Boot Screen...
[[0;32m  OK  [0m] Started LSB: Start/stop sysstat's sadc.
[[0;32m  OK  [0m] Started Hold until boot process finishes up.
[[0;32m  OK  [0m] Started Terminate Plymouth Boot Screen.
[[0;32m  OK  [0m] Started LSB: Set the CPU Frequency Scaling governor to "ondemand".
[[0;32m  OK  [0m] Started Serial Getty on ttyS0.
         Starting Set console scheme...
[[0;32m  OK  [0m] Started Getty on tty1.
[[0;32m  OK  [0m] Reached target Login Prompts.
[   27.293478] cloud-init[1251]: Cloud-init v. 0.7.8 running 'modules:config' at Tue, 01 Nov 2016 02:44:03 +0000. Up 26.77 seconds.
[[0;32m  OK  [0m] Started LSB: automatic crash report generation.
[[0;32m  OK  [0m] Started LSB: daemon to balance interrupts for SMP systems.
[[0;32m  OK  [0m] Started Set console scheme.
[[0;32m  OK  [0m] Started Apply the settings specified in cloud-config.
[[0;32m  OK  [0m] Created slice User Slice of ubuntu.
         Starting User Manager for UID 1000...
[[0;32m  OK  [0m] Started Session 1 of user ubuntu.
[[0;32m  OK  [0m] Started User Manager for UID 1000.
[[0;32m  OK  [0m] Started MySQL Community Server.
[[0;32m  OK  [0m] Reached target Multi-User System.
         Starting Execute cloud user/final scripts...
[[0;32m  OK  [0m] Reached target Graphical Interface.
         Starting Update UTMP about System Runlevel Changes...
         Starting Notify bootloader that boot was successful...
[[0;32m  OK  [0m] Started Update UTMP about System Runlevel Changes.
[[0;32m  OK  [0m] Started Notify bootloader that boot was successful.
[   30.093796] cloud-init[1421]: Cloud-init v. 0.7.8 running 'modules:final' at Tue, 01 Nov 2016 02:44:07 +0000. Up 29.80 seconds.
[   30.157491] cloud-init[1421]: Cloud-init v. 0.7.8 finished at Tue, 01 Nov 2016 02:44:07 +0000. Datasource DataSourceNoCloud [seed=/dev/sdb][dsmode=net].  Up 30.04 seconds
[[0;32m  OK  [0m] Started Execute cloud user/final scripts.
[[0;32m  OK  [0m] Reached target Cloud-init target.

Ubuntu 16.04.1 LTS ubuntu-xenial ttyS0

ubuntu-xenial login: [[0;32m  OK  [0m] Closed Load/Save RF Kt         Stopping Serial Getty on ttyS0...
         Stopping Getty on tty1...
         Stopping LSB: MD monitoring daemon...
         Stopping Snappy daemon...
         Stopping LXD - container startup/shutdown...
[[0;32m  OK  [0m] Stopped PostgreSQL RDBMS.
         Stopping PostgreSQL Cluster 9.5-main...
         Stopping LSB: daemon to balance interrupts for SMP systems...
         Stopping OpenBSD Secure Shell server...
         Stopping Deferred execution scheduler...
         Stopping System Logging Service...
         Stopping LSB: Set the CPU Frequency Scaling governor to "ondemand"...
         Stopping Regular background program processing daemon...
         Stopping FUSE filesystem for LXC...
         Stopping vboxadd-x11.service...
         Stopping LSB: Start/stop sysstat's sadc...
[[0;32m  OK  [0m] Stopped Session 2 of user ubuntu.
[[0;32m  OK  [0m] Unmounted /var/lib/lxcfs.
[[0;32m  OK  [0m] Stopped System Logging Service.
[[0;32m  OK  [0m] Stopped Snappy daemon.
[[0;32m  OK  [0m] Stopped Deferred execution scheduler.
[[0;32m  OK  [0m] Stopped Regular background program processing daemon.
[[0;32m  OK  [0m] Stopped ACPI event daemon.
[[0;32m  OK  [0m] Stopped Accounts Service.
[[0;32m  OK  [0m] Stopped Authenticate and Authorize Users to Run Privileged Tasks.
[[0;32m  OK  [0m] Stopped OpenBSD Secure Shell server.
[[0;32m  OK  [0m] Stopped Serial Getty on ttyS0.
[[0;32m  OK  [0m] Stopped Getty on tty1.
[[0;32m  OK  [0m] Stopped User Manager for UID 1000.
[[0;32m  OK  [0m] Started Unattended Upgrades Shutdown.
[[0;32m  OK  [0m] Stopped vboxadd-service.service.
[[0;32m  OK  [0m] Stopped D-Bus System Message Bus.
[[0;32m  OK  [0m] Stopped Session 26 of user ubuntu.
[[0;32m  OK  [0m] Stopped vboxadd-x11.service.
[[0;32m  OK  [0m] Stopped FUSE filesystem for LXC.
[[0;32m  OK  [0m] Stopped LSB: Record successful boot for GRUB.
[[0;32m  OK  [0m] Stopped LSB: MD monitoring daemon.
[[0;32m  OK  [0m] Stopped LSB: automatic crash report generation.
[[0;32m  OK  [0m] Stopped LXD - container startup/shutdown.
[[0;32m  OK  [0m] Stopped LSB: daemon to balance interrupts for SMP systems.
[[0;32m  OK  [0m] Stopped LSB: Set the CPU Frequency Scaling governor to "ondemand".
[[0;32m  OK  [0m] Stopped LSB: Start/stop sysstat's sadc.
         Stopping vboxadd.service...
[[0;32m  OK  [0m] Removed slice User Slice of ubuntu.
         Stopping Login Service...
[[0;32m  OK  [0m] Removed slice system-getty.slice.
[[0;32m  OK  [0m] Removed slice system-serial\x2dgetty.slice.
[[0;32m  OK  [0m] Stopped /etc/rc.local Compatibility.
         Stopping Permit User Sessions...
[[0;32m  OK  [0m] Unmounted /tmp/vagrant-chef/6fb5613...bce9a92acb8c89af9514d/cookbooks.
[[0;32m  OK  [0m] Unmounted /vagrant.
[[0;32m  OK  [0m] Stopped Login Service.
[[0;32m  OK  [0m] Stopped Permit User Sessions.
[[0;32m  OK  [0m] Stopped vboxadd.service.
[[0;32m  OK  [0m] Stopped target Remote File Systems.
[[0;32m  OK  [0m] Stopped target Remote File Systems (Pre).
         Stopping Login to default iSCSI targets...
[[0;32m  OK  [0m] Stopped target User and Group Name Lookups.
[[0;32m  OK  [0m] Stopped PostgreSQL Cluster 9.5-main.
[[0;32m  OK  [0m] Removed slice system-postgresql.slice.
[[0;32m  OK  [0m] Stopped Login to default iSCSI targets.
         Stopping iSCSI initiator daemon (iscsid)...
[[0;32m  OK  [0m] Stopped iSCSI initiator daemon (iscsid).
[[0;32m  OK  [0m] Stopped target Network is Online.
[[0;32m  OK  [0m] Stopped Initial cloud-init job (metadata service crawler).
[[0;32m  OK  [0m] Stopped MySQL Community Server.
[[0;32m  OK  [0m] Stopped target Basic System.
[[0;32m  OK  [0m] Stopped target Paths.
[[0;32m  OK  [0m] Stopped Forward Password Requests to Wall Directory Watch.
[[0;32m  OK  [0m] Stopped ACPI Events Check.
[[0;32m  OK  [0m] Stopped Trigger resolvconf update for networkd DNS.
[[0;32m  OK  [0m] Stopped Dispatch Password Requests to Console Directory Watch.
[[0;32m  OK  [0m] Stopped target Slices.
[[0;32m  OK  [0m] Removed slice User and Session Slice.
[[0;32m  OK  [0m] Stopped target Sockets.
[[0;32m  OK  [0m] Closed D-Bus System Message Bus Socket.
[[0;32m  OK  [0m] Closed LXD - unix socket.
[[0;32m  OK  [0m] Closed Syslog Socket.
[[0;32m  OK  [0m] Closed Socket activation for snappy daemon.
[[0;32m  OK  [0m] Closed UUID daemon activation socket.
[[0;32m  OK  [0m] Closed ACPID Listen Socket.
[[0;32m  OK  [0m] Stopped target Network.
         Stopping Raise network interfaces...
[[0;32m  OK  [0m] Stopped target System Initialization.
[[0;32m  OK  [0m] Stopped target Encrypted Volumes.
[[0;32m  OK  [0m] Stopped Create Volatile Files and Directories.
[[0;32m  OK  [0m] Stopped target Swap.
         Stopping Load/Save Random Seed...
[[0;32m  OK  [0m] Stopped Load/Save Random Seed.
[[0;32m  OK  [0m] Stopped Raise network interfaces.
[[0;32m  OK  [0m] Stopped Apply Kernel Variables.
[[0;32m  OK  [0m] Stopped Load Kernel Modules.
[[0;32m  OK  [0m] Stopped target Network (Pre).
[[0;32m  OK  [0m] Stopped Initial cloud-init job (pre-networking).
[[0;32m  OK  [0m] Stopped target Local File Systems.
         Unmounting /run/user/1000...
[[0;32m  OK  [0m] Unmounted /run/user/1000.
[[0;32m  OK  [0m] Reached target Unmount All Filesystems.
[[0;32m  OK  [0m] Stopped target Local File Systems (Pre).
[[0;32m  OK  [0m] Stopped Remount Root and Kernel File Systems.
         Stopping Monitoring of LVM2 mirrors... dmeventd or progress polling...
[[0;32m  OK  [0m] Stopped Create Static Device Nodes in /dev.
[[0;32m  OK  [0m] Reached target Shutdown.
[10868.142304] reboot: Power down
